// Jest Snapshot v1, https://goo.gl/fbAQLP

exports[`Calculator page renders correctly 1`] = `
<div
  className="calculatorPage"
>
  <h2>
    Let's do some math!
  </h2>
  <div
    className="cal-container"
  >
    <p
      className="result"
    >
      0
    </p>
    <button
      className="keys"
      onClick={[Function]}
      type="button"
    >
      AC
    </button>
    <button
      className="keys"
      onClick={[Function]}
      type="button"
    >
      +/-
    </button>
    <button
      className="keys"
      onClick={[Function]}
      type="button"
    >
      %
    </button>
    <button
      className="keys right-col"
      onClick={[Function]}
      type="button"
    >
      ÷
    </button>
    <button
      className="keys"
      onClick={[Function]}
      type="button"
    >
      7
    </button>
    <button
      className="keys"
      onClick={[Function]}
      type="button"
    >
      8
    </button>
    <button
      className="keys"
      onClick={[Function]}
      type="button"
    >
      9
    </button>
    <button
      className="keys right-col"
      onClick={[Function]}
      type="button"
    >
      x
    </button>
    <button
      className="keys"
      onClick={[Function]}
      type="button"
    >
      4
    </button>
    <button
      className="keys"
      onClick={[Function]}
      type="button"
    >
      5
    </button>
    <button
      className="keys"
      onClick={[Function]}
      type="button"
    >
      6
    </button>
    <button
      className="keys right-col"
      onClick={[Function]}
      type="button"
    >
      -
    </button>
    <button
      className="keys"
      onClick={[Function]}
      type="button"
    >
      1
    </button>
    <button
      className="keys"
      onClick={[Function]}
      type="button"
    >
      2
    </button>
    <button
      className="keys"
      onClick={[Function]}
      type="button"
    >
      3
    </button>
    <button
      className="keys right-col"
      onClick={[Function]}
      type="button"
    >
      +
    </button>
    <button
      className="bottom-zero"
      onClick={[Function]}
      type="button"
    >
      0
    </button>
    <button
      className="keys"
      onClick={[Function]}
      type="button"
    >
      .
    </button>
    <button
      className="keys right-col"
      onClick={[Function]}
      type="button"
    >
      =
    </button>
  </div>
</div>
`;

exports[`Home page renders correctly 1`] = `
<div
  className="homepage"
>
  <h2>
    Welcome to our page!
  </h2>
  <p
    className="homepage-paragraphs"
  >
    <p>
      Lorem ipsum odor amet, consectetuer adipiscing elit. Sagittis consequat senectus adipiscing laoreet himenaeos. Lacus vulputate ex mauris vel velit ultricies mi. Leo risus laoreet dapibus class augue tortor? Parturient integer efficitur ac ultricies consectetur nibh. Ante feugiat tempus faucibus ante natoque blandit ornare. Phasellus imperdiet cras duis hendrerit massa nibh turpis consequat. Etiam sapien nunc orci ex viverra commodo vel. Dis primis commodo; class risus consectetur mauris eros elementum tristique. Leo aliquet molestie massa, pretium metus facilisi.
    </p>
    <p>
      Consectetur suspendisse mollis aptent massa neque dictum urna. Felis euismod a convallis praesent eleifend, parturient nascetur quis? Purus sit ipsum natoque ligula dolor vulputate blandit. Vulputate nibh magna habitant iaculis aptent dui est. Justo gravida lacus gravida pulvinar torquent ipsum. Sollicitudin bibendum facilisis enim; pretium taciti tellus viverra nibh. Facilisis feugiat quam conubia metus laoreet nostra iaculis auctor.
    </p>
  </p>
</div>
`;

exports[`Is NotMatch  renders correctly 1`] = `
<div>
  <p>
    Not Found!
  </p>
</div>
`;

exports[`Is Quotes renders correctly 1`] = `
<div
  className="quote-page"
>
  <blockquote>
    <q
      className="quote-description"
    >
      Mathematics is not about numbers, equations, computations, or algorithms: it is about understanding.
    </q>
    <p
      className="quote-author"
    >
      —William Paul Thurston
    </p>
  </blockquote>
</div>
`;
