// Jest Snapshot v1, https://goo.gl/fbAQLP

exports[`Calculator page renders correctly 1`] = `
<div
  className="calculatorPage"
>
  <h2>
    Let's do some math!
  </h2>
  <div
    className="cal-container"
  >
    <p
      className="result"
    >
      0
    </p>
    <button
      className="keys"
      onClick={[Function]}
      type="button"
    >
      AC
    </button>
    <button
      className="keys"
      onClick={[Function]}
      type="button"
    >
      +/-
    </button>
    <button
      className="keys"
      onClick={[Function]}
      type="button"
    >
      %
    </button>
    <button
      className="keys right-col"
      onClick={[Function]}
      type="button"
    >
      ÷
    </button>
    <button
      className="keys"
      onClick={[Function]}
      type="button"
    >
      7
    </button>
    <button
      className="keys"
      onClick={[Function]}
      type="button"
    >
      8
    </button>
    <button
      className="keys"
      onClick={[Function]}
      type="button"
    >
      9
    </button>
    <button
      className="keys right-col"
      onClick={[Function]}
      type="button"
    >
      x
    </button>
    <button
      className="keys"
      onClick={[Function]}
      type="button"
    >
      4
    </button>
    <button
      className="keys"
      onClick={[Function]}
      type="button"
    >
      5
    </button>
    <button
      className="keys"
      onClick={[Function]}
      type="button"
    >
      6
    </button>
    <button
      className="keys right-col"
      onClick={[Function]}
      type="button"
    >
      -
    </button>
    <button
      className="keys"
      onClick={[Function]}
      type="button"
    >
      1
    </button>
    <button
      className="keys"
      onClick={[Function]}
      type="button"
    >
      2
    </button>
    <button
      className="keys"
      onClick={[Function]}
      type="button"
    >
      3
    </button>
    <button
      className="keys right-col"
      onClick={[Function]}
      type="button"
    >
      +
    </button>
    <button
      className="bottom-zero"
      onClick={[Function]}
      type="button"
    >
      0
    </button>
    <button
      className="keys"
      onClick={[Function]}
      type="button"
    >
      .
    </button>
    <button
      className="keys right-col"
      onClick={[Function]}
      type="button"
    >
      =
    </button>
  </div>
</div>
`;

exports[`Home page renders correctly 1`] = `
<div
  className="homepage"
>
  <h2>
    Welcome to our page!
  </h2>
  <p
    className="homepage-paragraphs"
  >
    <p>
      Lorem ipsum odor amet, consectetuer adipiscing elit. Posuere duis nisi leo convallis fringilla eros. Taciti bibendum curabitur hac at eget nullam pharetra leo id. Faucibus justo mollis fusce; feugiat natoque est vel. Elit arcu semper class platea a ipsum rhoncus neque. Condimentum viverra at aptent faucibus justo risus euismod. Nullam dictumst mi nulla mauris integer phasellus erat. Eu purus velit aptent nascetur imperdiet ex quisque. Massa dictum augue taciti egestas nisl etiam aenean nam.
    </p>
    <p>
      Ultricies eget consequat semper phasellus adipiscing aenean, magnis iaculis. Taciti aptent mauris hac tellus morbi enim. Fringilla nascetur sem velit augue sem. Sapien fames vehicula vitae malesuada primis odio. Ut massa vivamus sodales quisque aliquet placerat aenean congue. Vulputate ut auctor sagittis; viverra varius tortor. At convallis tristique nullam eleifend ligula tempus.
    </p>
  </p>
</div>
`;

exports[`Is NotMatch  renders correctly 1`] = `
<div>
  <p>
    Not Found!
  </p>
</div>
`;

exports[`Is Quotes renders correctly 1`] = `
<div
  className="quote-page"
>
  <blockquote>
    <q
      className="quote-description"
    >
      Mathematics is not about numbers, equations, computations, or algorithms: it is about understanding.
    </q>
    <p
      className="quote-author"
    >
      —William Paul Thurston
    </p>
  </blockquote>
</div>
`;
